2026/05/09 13:27:30  DEBUG: Creating ChannelController{}
2026/05/09 13:27:30  DEBUG: Hotstring Triggered (FirstMeeting){
  "sites": [
    "Rt. shoulder pain"
  ],
  "trigger": "shr"
}
2026/05/09 13:27:30  DEBUG: Hotstring Triggered (Simples){
  "trigger": "hh"
}
2026/05/09 13:27:30  DEBUG: Hotstring Triggered (Simples){
  "trigger": "mm"
}
2026/05/09 13:27:30  DEBUG: Hotstring Triggered (FirstMeeting trailing-s Xray replace){
  "key": "shrs"
}
2026/05/09 13:27:30  DEBUG: Hotstring Triggered (FirstMeeting trailing-s Xray replace){
  "key": "cvbs"
}
2026/05/09 13:27:30  INFO: [DELETE] processed map size{
  "buffer": "zshrshhmm",
  "bufferLen": 9,
  "processedLen": 9
}
2026/05/09 13:27:30  INFO: [DELETE] deleteCount before cap{
  "deleteCount": 11,
  "isEswtMode": false,
  "isFirstMeetingMode": true,
  "isSonoMode": false,
  "isXrayMode": false
}
2026/05/09 13:27:30  INFO: [DELETE] final deleteCount set{
  "deleteCount": 11
}
2026/05/09 13:27:30  DEBUG: Creating ChannelController{}
2026/05/09 13:27:30  DEBUG: Hotstring Triggered (FirstMeeting){
  "sites": [
    "Rt. shoulder pain"
  ],
  "trigger": "shr"
}
2026/05/09 13:27:30  DEBUG: Hotstring Triggered (Simples){
  "trigger": "hh"
}
2026/05/09 13:27:30  DEBUG: Hotstring Triggered (Simples){
  "trigger": "mm"
}
2026/05/09 13:27:30  DEBUG: Hotstring Triggered (FirstMeeting trailing-s Xray replace){
  "key": "shrs"
}
2026/05/09 13:27:30  DEBUG: Hotstring Triggered (FirstMeeting trailing-s Xray replace){
  "key": "cvbs"
}
2026/05/09 13:27:30  INFO: [DELETE] processed map size{
  "buffer": "zshrhhmms",
  "bufferLen": 9,
  "processedLen": 9
}
2026/05/09 13:27:30  INFO: [DELETE] deleteCount before cap{
  "deleteCount": 11,
  "isEswtMode": false,
  "isFirstMeetingMode": true,
  "isSonoMode": false,
  "isXrayMode": false
}
2026/05/09 13:27:30  INFO: [DELETE] final deleteCount set{
  "deleteCount": 11
}
2026/05/09 13:27:30  DEBUG: Creating ChannelController{}
2026/05/09 13:27:30  DEBUG: Hotstring Triggered (FirstMeeting){
  "sites": [
    "Rt. shoulder pain"
  ],
  "trigger": "shr"
}
2026/05/09 13:27:30  DEBUG: Hotstring Triggered (FirstMeeting trailing-s Xray replace){
  "key": "shrs"
}
2026/05/09 13:27:30  DEBUG: Hotstring Triggered (FirstMeeting trailing-s Xray replace){
  "key": "cvs"
}
2026/05/09 13:27:30  INFO: [DELETE] processed map size{
  "buffer": "zshrsf1",
  "bufferLen": 7,
  "processedLen": 7
}
2026/05/09 13:27:30  INFO: [DELETE] deleteCount before cap{
  "deleteCount": 9,
  "isEswtMode": false,
  "isFirstMeetingMode": true,
  "isSonoMode": false,
  "isXrayMode": false
}
2026/05/09 13:27:30  INFO: [DELETE] final deleteCount set{
  "deleteCount": 9
}
2026/05/09 13:27:30  DEBUG: Creating ChannelController{}
2026/05/09 13:27:30  DEBUG: Hotstring Triggered (FirstMeeting){
  "sites": [
    "Rt. shoulder pain"
  ],
  "trigger": "shr"
}
2026/05/09 13:27:30  DEBUG: Hotstring Triggered (FirstMeeting trailing-s Xray replace){
  "key": "shrs"
}
2026/05/09 13:27:30  DEBUG: Hotstring Triggered (FirstMeeting trailing-s Xray replace){
  "key": "cvs"
}
2026/05/09 13:27:30  INFO: [DELETE] processed map size{
  "buffer": "zshrf1s",
  "bufferLen": 7,
  "processedLen": 7
}
2026/05/09 13:27:30  INFO: [DELETE] deleteCount before cap{
  "deleteCount": 9,
  "isEswtMode": false,
  "isFirstMeetingMode": true,
  "isSonoMode": false,
  "isXrayMode": false
}
2026/05/09 13:27:30  INFO: [DELETE] final deleteCount set{
  "deleteCount": 9
}
