2026/04/10 18:04:06  DEBUG: Creating ChannelController{}
2026/04/10 18:04:06  DEBUG: Hotstring Triggered (SonoStim Suffix){
  "baseKey": "cm5b",
  "trigger": "ccm5bs"
}
2026/04/10 18:04:06  DEBUG: Hotstring Triggered (Blocks){
  "site": "cmbb C5-6-7",
  "trigger": "ccm5b"
}
2026/04/10 18:04:06  INFO: [DELETE] processed map size{
  "buffer": "ccm5bes",
  "bufferLen": 7,
  "processedLen": 7
}
2026/04/10 18:04:06  INFO: [DELETE] deleteCount before cap{
  "deleteCount": 8,
  "isEswtMode": false,
  "isFirstMeetingMode": false,
  "isSonoMode": false,
  "isXrayMode": false
}
2026/04/10 18:04:06  INFO: [DELETE] final deleteCount set{
  "deleteCount": 8
}
2026/04/10 18:04:07  DEBUG: Creating ChannelController{}
2026/04/10 18:04:07  DEBUG: Hotstring Triggered (SonoStim Suffix){
  "baseKey": "cm5r",
  "trigger": "ccm5rs"
}
2026/04/10 18:04:07  DEBUG: Hotstring Triggered (Blocks){
  "site": "cmbb C5-6-7",
  "trigger": "ccm5r"
}
2026/04/10 18:04:07  INFO: [DELETE] processed map size{
  "buffer": "ccm5res",
  "bufferLen": 7,
  "processedLen": 7
}
2026/04/10 18:04:07  INFO: [DELETE] deleteCount before cap{
  "deleteCount": 8,
  "isEswtMode": false,
  "isFirstMeetingMode": false,
  "isSonoMode": false,
  "isXrayMode": false
}
2026/04/10 18:04:07  INFO: [DELETE] final deleteCount set{
  "deleteCount": 8
}
2026/04/10 18:04:07  DEBUG: Creating ChannelController{}
2026/04/10 18:04:07  DEBUG: Hotstring Triggered (SonoStim Suffix){
  "baseKey": "cm5l",
  "trigger": "ccm5ls"
}
2026/04/10 18:04:07  DEBUG: Hotstring Triggered (Blocks){
  "site": "cmbb C5-6-7",
  "trigger": "ccm5l"
}
2026/04/10 18:04:07  INFO: [DELETE] processed map size{
  "buffer": "ccm5les",
  "bufferLen": 7,
  "processedLen": 7
}
2026/04/10 18:04:07  INFO: [DELETE] deleteCount before cap{
  "deleteCount": 8,
  "isEswtMode": false,
  "isFirstMeetingMode": false,
  "isSonoMode": false,
  "isXrayMode": false
}
2026/04/10 18:04:07  INFO: [DELETE] final deleteCount set{
  "deleteCount": 8
}
2026/04/10 18:04:07  DEBUG: Creating ChannelController{}
2026/04/10 18:04:07  DEBUG: Hotstring Triggered (SonoStim Suffix){
  "baseKey": "cm5b",
  "trigger": "cm5bs"
}
2026/04/10 18:04:07  DEBUG: Hotstring Triggered (Blocks){
  "site": "cmbb C5-6-7",
  "trigger": "cm5b"
}
2026/04/10 18:04:07  INFO: [DELETE] processed map size{
  "buffer": "cm5bs",
  "bufferLen": 5,
  "processedLen": 5
}
2026/04/10 18:04:07  INFO: [DELETE] deleteCount before cap{
  "deleteCount": 6,
  "isEswtMode": false,
  "isFirstMeetingMode": false,
  "isSonoMode": false,
  "isXrayMode": false
}
2026/04/10 18:04:07  INFO: [DELETE] final deleteCount set{
  "deleteCount": 6
}
2026/04/10 18:04:07  DEBUG: Creating ChannelController{}
2026/04/10 18:04:07  DEBUG: Hotstring Triggered (SonoStim Suffix){
  "baseKey": "cm5b",
  "trigger": "pcm5bs"
}
2026/04/10 18:04:07  DEBUG: Hotstring Triggered (Blocks){
  "site": "cmbb C5-6-7",
  "trigger": "pcm5b"
}
2026/04/10 18:04:07  INFO: [DELETE] processed map size{
  "buffer": "pcm5bes",
  "bufferLen": 7,
  "processedLen": 7
}
2026/04/10 18:04:07  INFO: [DELETE] deleteCount before cap{
  "deleteCount": 8,
  "isEswtMode": false,
  "isFirstMeetingMode": false,
  "isSonoMode": false,
  "isXrayMode": false
}
2026/04/10 18:04:07  INFO: [DELETE] final deleteCount set{
  "deleteCount": 8
}
